[2026-08-05 14:51:05Z INFO HostContext] No proxy settings were found based on environmental variables (http_proxy/https_proxy/HTTP_PROXY/HTTPS_PROXY)
[2026-08-05 14:51:05Z INFO HostContext] Well known directory 'Bin': 'D:\Cours\Cours Ipssi\Note\Devops\J3\actions-runner\bin'
[2026-08-05 14:51:05Z INFO HostContext] Well known directory 'Root': 'D:\Cours\Cours Ipssi\Note\Devops\J3\actions-runner'
[2026-08-05 14:51:05Z INFO HostContext] Well known config file 'Credentials': 'D:\Cours\Cours Ipssi\Note\Devops\J3\actions-runner\.credentials'
[2026-08-05 14:51:05Z INFO HostContext] Well known directory 'Bin': 'D:\Cours\Cours Ipssi\Note\Devops\J3\actions-runner\bin'
[2026-08-05 14:51:05Z INFO HostContext] Well known directory 'Root': 'D:\Cours\Cours Ipssi\Note\Devops\J3\actions-runner'
[2026-08-05 14:51:05Z INFO HostContext] Well known config file 'Runner': 'D:\Cours\Cours Ipssi\Note\Devops\J3\actions-runner\.runner'
[2026-08-05 14:51:05Z INFO Listener] Runner is built for Windows (X64) - win-x64.
[2026-08-05 14:51:05Z INFO Listener] RuntimeInformation: Microsoft Windows 10.0.26200.
[2026-08-05 14:51:05Z INFO Listener] Version: 2.336.0
[2026-08-05 14:51:05Z INFO Listener] Commit: 98aabcd429c4e8402406c56ce2d26387fed3b9ce
[2026-08-05 14:51:05Z INFO Listener] Culture: fr-FR
[2026-08-05 14:51:05Z INFO Listener] UI Culture: fr-FR
[2026-08-05 14:51:05Z INFO HostContext] Well known directory 'Bin': 'D:\Cours\Cours Ipssi\Note\Devops\J3\actions-runner\bin'
[2026-08-05 14:51:05Z INFO HostContext] Well known directory 'Root': 'D:\Cours\Cours Ipssi\Note\Devops\J3\actions-runner'
[2026-08-05 14:51:05Z INFO Listener] Validating directory permissions for: 'D:\Cours\Cours Ipssi\Note\Devops\J3\actions-runner'
[2026-08-05 14:51:05Z INFO CommandLineParser] Parse
[2026-08-05 14:51:05Z INFO CommandLineParser] Parsing 1 args
[2026-08-05 14:51:05Z INFO CommandLineParser] parsing argument
[2026-08-05 14:51:05Z INFO CommandLineParser] HasArgs: False
[2026-08-05 14:51:05Z INFO CommandLineParser] Adding Command: run
[2026-08-05 14:51:05Z INFO Listener] Arguments parsed
[2026-08-05 14:51:05Z INFO Runner] ExecuteCommand
[2026-08-05 14:51:05Z INFO ConfigurationStore] currentAssemblyLocation: D:\Cours\Cours Ipssi\Note\Devops\J3\actions-runner\bin\Runner.Listener.dll
[2026-08-05 14:51:05Z INFO HostContext] Well known directory 'Bin': 'D:\Cours\Cours Ipssi\Note\Devops\J3\actions-runner\bin'
[2026-08-05 14:51:05Z INFO ConfigurationStore] binPath: D:\Cours\Cours Ipssi\Note\Devops\J3\actions-runner\bin
[2026-08-05 14:51:05Z INFO HostContext] Well known directory 'Bin': 'D:\Cours\Cours Ipssi\Note\Devops\J3\actions-runner\bin'
[2026-08-05 14:51:05Z INFO HostContext] Well known directory 'Root': 'D:\Cours\Cours Ipssi\Note\Devops\J3\actions-runner'
[2026-08-05 14:51:05Z INFO ConfigurationStore] RootFolder: D:\Cours\Cours Ipssi\Note\Devops\J3\actions-runner
[2026-08-05 14:51:05Z INFO HostContext] Well known directory 'Bin': 'D:\Cours\Cours Ipssi\Note\Devops\J3\actions-runner\bin'
[2026-08-05 14:51:05Z INFO HostContext] Well known directory 'Root': 'D:\Cours\Cours Ipssi\Note\Devops\J3\actions-runner'
[2026-08-05 14:51:05Z INFO HostContext] Well known config file 'Runner': 'D:\Cours\Cours Ipssi\Note\Devops\J3\actions-runner\.runner'
[2026-08-05 14:51:05Z INFO ConfigurationStore] ConfigFilePath: D:\Cours\Cours Ipssi\Note\Devops\J3\actions-runner\.runner
[2026-08-05 14:51:05Z INFO HostContext] Well known directory 'Bin': 'D:\Cours\Cours Ipssi\Note\Devops\J3\actions-runner\bin'
[2026-08-05 14:51:05Z INFO HostContext] Well known directory 'Root': 'D:\Cours\Cours Ipssi\Note\Devops\J3\actions-runner'
[2026-08-05 14:51:05Z INFO HostContext] Well known config file 'MigratedRunner': 'D:\Cours\Cours Ipssi\Note\Devops\J3\actions-runner\.runner_migrated'
[2026-08-05 14:51:05Z INFO ConfigurationStore] MigratedConfigFilePath: D:\Cours\Cours Ipssi\Note\Devops\J3\actions-runner\.runner_migrated
[2026-08-05 14:51:05Z INFO HostContext] Well known directory 'Bin': 'D:\Cours\Cours Ipssi\Note\Devops\J3\actions-runner\bin'
[2026-08-05 14:51:05Z INFO HostContext] Well known directory 'Root': 'D:\Cours\Cours Ipssi\Note\Devops\J3\actions-runner'
[2026-08-05 14:51:05Z INFO HostContext] Well known config file 'Credentials': 'D:\Cours\Cours Ipssi\Note\Devops\J3\actions-runner\.credentials'
[2026-08-05 14:51:05Z INFO ConfigurationStore] CredFilePath: D:\Cours\Cours Ipssi\Note\Devops\J3\actions-runner\.credentials
[2026-08-05 14:51:05Z INFO HostContext] Well known directory 'Bin': 'D:\Cours\Cours Ipssi\Note\Devops\J3\actions-runner\bin'
[2026-08-05 14:51:05Z INFO HostContext] Well known directory 'Root': 'D:\Cours\Cours Ipssi\Note\Devops\J3\actions-runner'
[2026-08-05 14:51:05Z INFO HostContext] Well known config file 'MigratedCredentials': 'D:\Cours\Cours Ipssi\Note\Devops\J3\actions-runner\.credentials_migrated'
[2026-08-05 14:51:05Z INFO ConfigurationStore] MigratedCredFilePath: D:\Cours\Cours Ipssi\Note\Devops\J3\actions-runner\.credentials_migrated
[2026-08-05 14:51:05Z INFO HostContext] Well known directory 'Bin': 'D:\Cours\Cours Ipssi\Note\Devops\J3\actions-runner\bin'
[2026-08-05 14:51:05Z INFO HostContext] Well known directory 'Root': 'D:\Cours\Cours Ipssi\Note\Devops\J3\actions-runner'
[2026-08-05 14:51:05Z INFO HostContext] Well known config file 'Service': 'D:\Cours\Cours Ipssi\Note\Devops\J3\actions-runner\.service'
[2026-08-05 14:51:05Z INFO ConfigurationStore] ServiceConfigFilePath: D:\Cours\Cours Ipssi\Note\Devops\J3\actions-runner\.service
[2026-08-05 14:51:05Z INFO CommandSettings] Flag 'help': 'False'
[2026-08-05 14:51:05Z INFO CommandSettings] Flag 'version': 'False'
[2026-08-05 14:51:05Z INFO CommandSettings] Flag 'commit': 'False'
[2026-08-05 14:51:05Z INFO CommandSettings] Flag 'check': 'False'
[2026-08-05 14:51:05Z INFO CommandSettings] Command 'configure': 'False'
[2026-08-05 14:51:05Z INFO CommandSettings] Command 'remove': 'False'
[2026-08-05 14:51:05Z INFO CommandSettings] Command 'warmup': 'False'
[2026-08-05 14:51:05Z INFO ConfigurationManager] LoadSettings
[2026-08-05 14:51:05Z INFO ConfigurationStore] IsConfigured()
[2026-08-05 14:51:05Z INFO ConfigurationStore] IsConfigured: True
[2026-08-05 14:51:05Z INFO ConfigurationManager] Is configured: True
[2026-08-05 14:51:05Z INFO ConfigurationStore] Read setting file: 399 chars
[2026-08-05 14:51:05Z INFO ConfigurationManager] Settings Loaded
[2026-08-05 14:51:05Z INFO ConfigurationStore] IsServiceConfigured()
[2026-08-05 14:51:05Z INFO ConfigurationStore] IsServiceConfigured: False
[2026-08-05 14:51:05Z INFO CommandSettings] Command 'run': 'True'
[2026-08-05 14:51:05Z INFO ConfigurationStore] IsConfigured()
[2026-08-05 14:51:05Z INFO ConfigurationStore] IsConfigured: True
[2026-08-05 14:51:05Z INFO ConfigurationManager] Is configured: True
[2026-08-05 14:51:05Z INFO Runner] Could not parse the argument value '' for StartupType. Defaulting to Manual
[2026-08-05 14:51:05Z INFO Runner] Set runner startup type - Manual
[2026-08-05 14:51:05Z INFO CommandSettings] Flag 'once': 'False'
[2026-08-05 14:51:05Z INFO CommandSettings] Flag 'once': 'False'
[2026-08-05 14:51:05Z INFO Runner] RunAsync
[2026-08-05 14:51:05Z INFO HostContext] Well known directory 'Bin': 'D:\Cours\Cours Ipssi\Note\Devops\J3\actions-runner\bin'
[2026-08-05 14:51:05Z INFO HostContext] Well known directory 'Root': 'D:\Cours\Cours Ipssi\Note\Devops\J3\actions-runner'
[2026-08-05 14:51:05Z INFO HostContext] Well known directory 'Work': 'D:\Cours\Cours Ipssi\Note\Devops\J3\actions-runner\_work'
[2026-08-05 14:51:05Z INFO Runner] Validating directory permissions for: 'D:\Cours\Cours Ipssi\Note\Devops\J3\actions-runner\_work'
[2026-08-05 14:51:05Z INFO ConfigurationManager] LoadMigratedSettings
[2026-08-05 14:51:05Z INFO ConfigurationStore] IsMigratedConfigured()
[2026-08-05 14:51:05Z INFO ConfigurationStore] IsMigratedConfigured: False
[2026-08-05 14:51:05Z INFO Runner] Failed to load migrated settings: No migrated configuration found.
[2026-08-05 14:51:05Z INFO Runner] Falling back to original .runner settings
[2026-08-05 14:51:05Z INFO Runner] Using BrokerMessageListener
[2026-08-05 14:51:05Z INFO BrokerMessageListener] Using provided settings
[2026-08-05 14:51:05Z INFO BrokerMessageListener] {
  "AgentId": 2,
  "AgentName": "PC-PORTABLE",
  "PoolId": 1,
  "PoolName": "Default",
  "ServerUrl": "https://pipelinesghubeus23.actions.githubusercontent.com/PfcbL4RL6VgiK9SfvdOIMRNGuEt8QaJljcZuldyiADFFwNs1G7/",
  "GitHubUrl": "https://github.com/sakagnir/J3_cours_devops",
  "WorkFolder": "_work",
  "UseV2Flow": true,
  "ServerUrlV2": "https://broker.actions.githubusercontent.com/"
}
[2026-08-05 14:51:05Z INFO BrokerMessageListener] Loading Credentials
[2026-08-05 14:51:05Z INFO ConfigurationStore] HasCredentials()
[2026-08-05 14:51:05Z INFO ConfigurationStore] stored True
[2026-08-05 14:51:05Z INFO CredentialManager] GetCredentialProvider
[2026-08-05 14:51:05Z INFO CredentialManager] Creating type OAuth
[2026-08-05 14:51:05Z INFO CredentialManager] Creating credential type: OAuth
[2026-08-05 14:51:05Z INFO HostContext] Well known directory 'Bin': 'D:\Cours\Cours Ipssi\Note\Devops\J3\actions-runner\bin'
[2026-08-05 14:51:05Z INFO HostContext] Well known directory 'Root': 'D:\Cours\Cours Ipssi\Note\Devops\J3\actions-runner'
[2026-08-05 14:51:05Z INFO HostContext] Well known config file 'RSACredentials': 'D:\Cours\Cours Ipssi\Note\Devops\J3\actions-runner\.credentials_rsaparams'
[2026-08-05 14:51:05Z INFO RSAEncryptedFileKeyManager] Loading RSA key parameters from file D:\Cours\Cours Ipssi\Note\Devops\J3\actions-runner\.credentials_rsaparams
[2026-08-05 14:51:05Z INFO BrokerMessageListener] Attempt to create session.
[2026-08-05 14:51:05Z INFO BrokerMessageListener] Connecting to the Broker Server...
[2026-08-05 14:51:05Z INFO ConfigurationStore] HasCredentials()
[2026-08-05 14:51:05Z INFO ConfigurationStore] stored True
[2026-08-05 14:51:05Z INFO CredentialManager] GetCredentialProvider
[2026-08-05 14:51:05Z INFO CredentialManager] Creating type OAuth
[2026-08-05 14:51:05Z INFO CredentialManager] Creating credential type: OAuth
[2026-08-05 14:51:05Z INFO RSAEncryptedFileKeyManager] Loading RSA key parameters from file D:\Cours\Cours Ipssi\Note\Devops\J3\actions-runner\.credentials_rsaparams
[2026-08-05 14:51:05Z INFO BrokerMessageListener] VssConnection created
[2026-08-05 14:51:05Z INFO BrokerMessageListener] Connecting to the Runner server...
[2026-08-05 14:51:05Z INFO RunnerServer] EstablishVssConnection
[2026-08-05 14:51:05Z INFO RunnerServer] Establish connection with 100 seconds timeout.
[2026-08-05 14:51:05Z INFO GitHubActionsService] Starting operation Location.GetConnectionData
[2026-08-05 14:51:05Z INFO RunnerServer] EstablishVssConnection
[2026-08-05 14:51:05Z INFO RunnerServer] Establish connection with 60 seconds timeout.
[2026-08-05 14:51:05Z INFO GitHubActionsService] Starting operation Location.GetConnectionData
[2026-08-05 14:51:05Z INFO RunnerServer] EstablishVssConnection
[2026-08-05 14:51:05Z INFO RunnerServer] Establish connection with 60 seconds timeout.
[2026-08-05 14:51:05Z INFO GitHubActionsService] Starting operation Location.GetConnectionData
[2026-08-05 14:51:06Z INFO GitHubActionsService] Finished operation Location.GetConnectionData
[2026-08-05 14:51:06Z INFO GitHubActionsService] Finished operation Location.GetConnectionData
[2026-08-05 14:51:06Z INFO GitHubActionsService] Finished operation Location.GetConnectionData
[2026-08-05 14:51:06Z INFO BrokerMessageListener] VssConnection created
[2026-08-05 14:51:06Z INFO Terminal] WRITE LINE: 
[2026-08-05 14:51:06Z INFO Terminal] WRITE LINE: 
[2026-08-05 14:51:06Z INFO RSAEncryptedFileKeyManager] Loading RSA key parameters from file D:\Cours\Cours Ipssi\Note\Devops\J3\actions-runner\.credentials_rsaparams
[2026-08-05 14:51:06Z INFO RSAEncryptedFileKeyManager] Loading RSA key parameters from file D:\Cours\Cours Ipssi\Note\Devops\J3\actions-runner\.credentials_rsaparams
[2026-08-05 14:51:06Z INFO GitHubActionsService] AAD Correlation ID for this token request: Unknown
[2026-08-05 14:51:07Z INFO BrokerMessageListener] Session created.
[2026-08-05 14:51:07Z INFO Terminal] WRITE LINE: Current runner version: '2.336.0'
[2026-08-05 14:51:07Z INFO Terminal] WRITE LINE: 2026-08-05 14:51:07Z: Listening for Jobs
[2026-08-05 14:51:07Z INFO JobDispatcher] Set runner/worker IPC timeout to 30 seconds.
