[2026-08-06 07:40:49Z INFO HostContext] No proxy settings were found based on environmental variables (http_proxy/https_proxy/HTTP_PROXY/HTTPS_PROXY)
[2026-08-06 07:40:49Z INFO HostContext] Well known directory 'Bin': 'D:\Cours\Cours Ipssi\Note\Devops\J3\actions-runner\bin'
[2026-08-06 07:40:49Z INFO HostContext] Well known directory 'Root': 'D:\Cours\Cours Ipssi\Note\Devops\J3\actions-runner'
[2026-08-06 07:40:49Z INFO HostContext] Well known config file 'Credentials': 'D:\Cours\Cours Ipssi\Note\Devops\J3\actions-runner\.credentials'
[2026-08-06 07:40:49Z INFO HostContext] Well known directory 'Bin': 'D:\Cours\Cours Ipssi\Note\Devops\J3\actions-runner\bin'
[2026-08-06 07:40:49Z INFO HostContext] Well known directory 'Root': 'D:\Cours\Cours Ipssi\Note\Devops\J3\actions-runner'
[2026-08-06 07:40:49Z INFO HostContext] Well known config file 'Runner': 'D:\Cours\Cours Ipssi\Note\Devops\J3\actions-runner\.runner'
[2026-08-06 07:40:49Z INFO Listener] Runner is built for Windows (X64) - win-x64.
[2026-08-06 07:40:49Z INFO Listener] RuntimeInformation: Microsoft Windows 10.0.26200.
[2026-08-06 07:40:49Z INFO Listener] Version: 2.336.0
[2026-08-06 07:40:49Z INFO Listener] Commit: 98aabcd429c4e8402406c56ce2d26387fed3b9ce
[2026-08-06 07:40:49Z INFO Listener] Culture: fr-FR
[2026-08-06 07:40:49Z INFO Listener] UI Culture: fr-FR
[2026-08-06 07:40:49Z INFO HostContext] Well known directory 'Bin': 'D:\Cours\Cours Ipssi\Note\Devops\J3\actions-runner\bin'
[2026-08-06 07:40:49Z INFO HostContext] Well known directory 'Root': 'D:\Cours\Cours Ipssi\Note\Devops\J3\actions-runner'
[2026-08-06 07:40:49Z INFO Listener] Validating directory permissions for: 'D:\Cours\Cours Ipssi\Note\Devops\J3\actions-runner'
[2026-08-06 07:40:49Z INFO CommandLineParser] Parse
[2026-08-06 07:40:49Z INFO CommandLineParser] Parsing 1 args
[2026-08-06 07:40:49Z INFO CommandLineParser] parsing argument
[2026-08-06 07:40:49Z INFO CommandLineParser] HasArgs: False
[2026-08-06 07:40:49Z INFO CommandLineParser] Adding Command: run
[2026-08-06 07:40:49Z INFO Listener] Arguments parsed
[2026-08-06 07:40:49Z INFO Runner] ExecuteCommand
[2026-08-06 07:40:49Z INFO ConfigurationStore] currentAssemblyLocation: D:\Cours\Cours Ipssi\Note\Devops\J3\actions-runner\bin\Runner.Listener.dll
[2026-08-06 07:40:49Z INFO HostContext] Well known directory 'Bin': 'D:\Cours\Cours Ipssi\Note\Devops\J3\actions-runner\bin'
[2026-08-06 07:40:49Z INFO ConfigurationStore] binPath: D:\Cours\Cours Ipssi\Note\Devops\J3\actions-runner\bin
[2026-08-06 07:40:49Z INFO HostContext] Well known directory 'Bin': 'D:\Cours\Cours Ipssi\Note\Devops\J3\actions-runner\bin'
[2026-08-06 07:40:49Z INFO HostContext] Well known directory 'Root': 'D:\Cours\Cours Ipssi\Note\Devops\J3\actions-runner'
[2026-08-06 07:40:49Z INFO ConfigurationStore] RootFolder: D:\Cours\Cours Ipssi\Note\Devops\J3\actions-runner
[2026-08-06 07:40:49Z INFO HostContext] Well known directory 'Bin': 'D:\Cours\Cours Ipssi\Note\Devops\J3\actions-runner\bin'
[2026-08-06 07:40:49Z INFO HostContext] Well known directory 'Root': 'D:\Cours\Cours Ipssi\Note\Devops\J3\actions-runner'
[2026-08-06 07:40:49Z INFO HostContext] Well known config file 'Runner': 'D:\Cours\Cours Ipssi\Note\Devops\J3\actions-runner\.runner'
[2026-08-06 07:40:49Z INFO ConfigurationStore] ConfigFilePath: D:\Cours\Cours Ipssi\Note\Devops\J3\actions-runner\.runner
[2026-08-06 07:40:49Z INFO HostContext] Well known directory 'Bin': 'D:\Cours\Cours Ipssi\Note\Devops\J3\actions-runner\bin'
[2026-08-06 07:40:49Z INFO HostContext] Well known directory 'Root': 'D:\Cours\Cours Ipssi\Note\Devops\J3\actions-runner'
[2026-08-06 07:40:49Z INFO HostContext] Well known config file 'MigratedRunner': 'D:\Cours\Cours Ipssi\Note\Devops\J3\actions-runner\.runner_migrated'
[2026-08-06 07:40:49Z INFO ConfigurationStore] MigratedConfigFilePath: D:\Cours\Cours Ipssi\Note\Devops\J3\actions-runner\.runner_migrated
[2026-08-06 07:40:49Z INFO HostContext] Well known directory 'Bin': 'D:\Cours\Cours Ipssi\Note\Devops\J3\actions-runner\bin'
[2026-08-06 07:40:49Z INFO HostContext] Well known directory 'Root': 'D:\Cours\Cours Ipssi\Note\Devops\J3\actions-runner'
[2026-08-06 07:40:49Z INFO HostContext] Well known config file 'Credentials': 'D:\Cours\Cours Ipssi\Note\Devops\J3\actions-runner\.credentials'
[2026-08-06 07:40:49Z INFO ConfigurationStore] CredFilePath: D:\Cours\Cours Ipssi\Note\Devops\J3\actions-runner\.credentials
[2026-08-06 07:40:49Z INFO HostContext] Well known directory 'Bin': 'D:\Cours\Cours Ipssi\Note\Devops\J3\actions-runner\bin'
[2026-08-06 07:40:49Z INFO HostContext] Well known directory 'Root': 'D:\Cours\Cours Ipssi\Note\Devops\J3\actions-runner'
[2026-08-06 07:40:49Z INFO HostContext] Well known config file 'MigratedCredentials': 'D:\Cours\Cours Ipssi\Note\Devops\J3\actions-runner\.credentials_migrated'
[2026-08-06 07:40:49Z INFO ConfigurationStore] MigratedCredFilePath: D:\Cours\Cours Ipssi\Note\Devops\J3\actions-runner\.credentials_migrated
[2026-08-06 07:40:49Z INFO HostContext] Well known directory 'Bin': 'D:\Cours\Cours Ipssi\Note\Devops\J3\actions-runner\bin'
[2026-08-06 07:40:49Z INFO HostContext] Well known directory 'Root': 'D:\Cours\Cours Ipssi\Note\Devops\J3\actions-runner'
[2026-08-06 07:40:49Z INFO HostContext] Well known config file 'Service': 'D:\Cours\Cours Ipssi\Note\Devops\J3\actions-runner\.service'
[2026-08-06 07:40:49Z INFO ConfigurationStore] ServiceConfigFilePath: D:\Cours\Cours Ipssi\Note\Devops\J3\actions-runner\.service
[2026-08-06 07:40:49Z INFO CommandSettings] Flag 'help': 'False'
[2026-08-06 07:40:49Z INFO CommandSettings] Flag 'version': 'False'
[2026-08-06 07:40:49Z INFO CommandSettings] Flag 'commit': 'False'
[2026-08-06 07:40:49Z INFO CommandSettings] Flag 'check': 'False'
[2026-08-06 07:40:49Z INFO CommandSettings] Command 'configure': 'False'
[2026-08-06 07:40:49Z INFO CommandSettings] Command 'remove': 'False'
[2026-08-06 07:40:49Z INFO CommandSettings] Command 'warmup': 'False'
[2026-08-06 07:40:49Z INFO ConfigurationManager] LoadSettings
[2026-08-06 07:40:49Z INFO ConfigurationStore] IsConfigured()
[2026-08-06 07:40:49Z INFO ConfigurationStore] IsConfigured: True
[2026-08-06 07:40:49Z INFO ConfigurationManager] Is configured: True
[2026-08-06 07:40:49Z INFO ConfigurationStore] Read setting file: 399 chars
[2026-08-06 07:40:49Z INFO ConfigurationManager] Settings Loaded
[2026-08-06 07:40:49Z INFO ConfigurationStore] IsServiceConfigured()
[2026-08-06 07:40:49Z INFO ConfigurationStore] IsServiceConfigured: False
[2026-08-06 07:40:49Z INFO CommandSettings] Command 'run': 'True'
[2026-08-06 07:40:49Z INFO ConfigurationStore] IsConfigured()
[2026-08-06 07:40:49Z INFO ConfigurationStore] IsConfigured: True
[2026-08-06 07:40:49Z INFO ConfigurationManager] Is configured: True
[2026-08-06 07:40:49Z INFO Runner] Could not parse the argument value '' for StartupType. Defaulting to Manual
[2026-08-06 07:40:49Z INFO Runner] Set runner startup type - Manual
[2026-08-06 07:40:49Z INFO CommandSettings] Flag 'once': 'False'
[2026-08-06 07:40:49Z INFO CommandSettings] Flag 'once': 'False'
[2026-08-06 07:40:49Z INFO Runner] RunAsync
[2026-08-06 07:40:49Z INFO HostContext] Well known directory 'Bin': 'D:\Cours\Cours Ipssi\Note\Devops\J3\actions-runner\bin'
[2026-08-06 07:40:49Z INFO HostContext] Well known directory 'Root': 'D:\Cours\Cours Ipssi\Note\Devops\J3\actions-runner'
[2026-08-06 07:40:49Z INFO HostContext] Well known directory 'Work': 'D:\Cours\Cours Ipssi\Note\Devops\J3\actions-runner\_work'
[2026-08-06 07:40:49Z INFO Runner] Validating directory permissions for: 'D:\Cours\Cours Ipssi\Note\Devops\J3\actions-runner\_work'
[2026-08-06 07:40:49Z INFO ConfigurationManager] LoadMigratedSettings
[2026-08-06 07:40:49Z INFO ConfigurationStore] IsMigratedConfigured()
[2026-08-06 07:40:49Z INFO ConfigurationStore] IsMigratedConfigured: False
[2026-08-06 07:40:49Z INFO Runner] Failed to load migrated settings: No migrated configuration found.
[2026-08-06 07:40:49Z INFO Runner] Falling back to original .runner settings
[2026-08-06 07:40:49Z INFO Runner] Using BrokerMessageListener
[2026-08-06 07:40:49Z INFO BrokerMessageListener] Using provided settings
[2026-08-06 07:40:49Z INFO BrokerMessageListener] {
  "AgentId": 2,
  "AgentName": "PC-PORTABLE",
  "PoolId": 1,
  "PoolName": "Default",
  "ServerUrl": "https://pipelinesghubeus23.actions.githubusercontent.com/PfcbL4RL6VgiK9SfvdOIMRNGuEt8QaJljcZuldyiADFFwNs1G7/",
  "GitHubUrl": "https://github.com/sakagnir/J3_cours_devops",
  "WorkFolder": "_work",
  "UseV2Flow": true,
  "ServerUrlV2": "https://broker.actions.githubusercontent.com/"
}
[2026-08-06 07:40:49Z INFO BrokerMessageListener] Loading Credentials
[2026-08-06 07:40:49Z INFO ConfigurationStore] HasCredentials()
[2026-08-06 07:40:49Z INFO ConfigurationStore] stored True
[2026-08-06 07:40:49Z INFO CredentialManager] GetCredentialProvider
[2026-08-06 07:40:49Z INFO CredentialManager] Creating type OAuth
[2026-08-06 07:40:49Z INFO CredentialManager] Creating credential type: OAuth
[2026-08-06 07:40:49Z INFO HostContext] Well known directory 'Bin': 'D:\Cours\Cours Ipssi\Note\Devops\J3\actions-runner\bin'
[2026-08-06 07:40:49Z INFO HostContext] Well known directory 'Root': 'D:\Cours\Cours Ipssi\Note\Devops\J3\actions-runner'
[2026-08-06 07:40:49Z INFO HostContext] Well known config file 'RSACredentials': 'D:\Cours\Cours Ipssi\Note\Devops\J3\actions-runner\.credentials_rsaparams'
[2026-08-06 07:40:49Z INFO RSAEncryptedFileKeyManager] Loading RSA key parameters from file D:\Cours\Cours Ipssi\Note\Devops\J3\actions-runner\.credentials_rsaparams
[2026-08-06 07:40:49Z INFO BrokerMessageListener] Attempt to create session.
[2026-08-06 07:40:49Z INFO BrokerMessageListener] Connecting to the Broker Server...
[2026-08-06 07:40:49Z INFO ConfigurationStore] HasCredentials()
[2026-08-06 07:40:49Z INFO ConfigurationStore] stored True
[2026-08-06 07:40:49Z INFO CredentialManager] GetCredentialProvider
[2026-08-06 07:40:49Z INFO CredentialManager] Creating type OAuth
[2026-08-06 07:40:49Z INFO CredentialManager] Creating credential type: OAuth
[2026-08-06 07:40:49Z INFO RSAEncryptedFileKeyManager] Loading RSA key parameters from file D:\Cours\Cours Ipssi\Note\Devops\J3\actions-runner\.credentials_rsaparams
[2026-08-06 07:40:49Z INFO BrokerMessageListener] VssConnection created
[2026-08-06 07:40:49Z INFO BrokerMessageListener] Connecting to the Runner server...
[2026-08-06 07:40:49Z INFO RunnerServer] EstablishVssConnection
[2026-08-06 07:40:49Z INFO RunnerServer] Establish connection with 100 seconds timeout.
[2026-08-06 07:40:49Z INFO GitHubActionsService] Starting operation Location.GetConnectionData
[2026-08-06 07:40:49Z INFO RunnerServer] EstablishVssConnection
[2026-08-06 07:40:49Z INFO RunnerServer] Establish connection with 60 seconds timeout.
[2026-08-06 07:40:49Z INFO GitHubActionsService] Starting operation Location.GetConnectionData
[2026-08-06 07:40:49Z INFO RunnerServer] EstablishVssConnection
[2026-08-06 07:40:49Z INFO RunnerServer] Establish connection with 60 seconds timeout.
[2026-08-06 07:40:49Z INFO GitHubActionsService] Starting operation Location.GetConnectionData
[2026-08-06 07:40:50Z INFO GitHubActionsService] Finished operation Location.GetConnectionData
[2026-08-06 07:40:50Z INFO GitHubActionsService] Finished operation Location.GetConnectionData
[2026-08-06 07:40:50Z INFO GitHubActionsService] Finished operation Location.GetConnectionData
[2026-08-06 07:40:50Z INFO BrokerMessageListener] VssConnection created
[2026-08-06 07:40:50Z INFO Terminal] WRITE LINE: 
[2026-08-06 07:40:50Z INFO Terminal] WRITE LINE: 
[2026-08-06 07:40:50Z INFO RSAEncryptedFileKeyManager] Loading RSA key parameters from file D:\Cours\Cours Ipssi\Note\Devops\J3\actions-runner\.credentials_rsaparams
[2026-08-06 07:40:50Z INFO RSAEncryptedFileKeyManager] Loading RSA key parameters from file D:\Cours\Cours Ipssi\Note\Devops\J3\actions-runner\.credentials_rsaparams
[2026-08-06 07:40:50Z INFO GitHubActionsService] AAD Correlation ID for this token request: Unknown
[2026-08-06 07:40:50Z INFO BrokerMessageListener] Session created.
[2026-08-06 07:40:50Z INFO Terminal] WRITE LINE: Current runner version: '2.336.0'
[2026-08-06 07:40:50Z INFO Terminal] WRITE LINE: 2026-08-06 07:40:50Z: Listening for Jobs
[2026-08-06 07:40:50Z INFO JobDispatcher] Set runner/worker IPC timeout to 30 seconds.
[2026-08-06 07:40:51Z INFO BrokerMessageListener] Acknowledging runner request 'ffa747dc-d934-5755-89ba-748695c0c6af'.
[2026-08-06 07:40:51Z INFO ConfigurationStore] HasCredentials()
[2026-08-06 07:40:51Z INFO ConfigurationStore] stored True
[2026-08-06 07:40:51Z INFO CredentialManager] GetCredentialProvider
[2026-08-06 07:40:51Z INFO CredentialManager] Creating type OAuth
[2026-08-06 07:40:51Z INFO CredentialManager] Creating credential type: OAuth
[2026-08-06 07:40:51Z INFO RSAEncryptedFileKeyManager] Loading RSA key parameters from file D:\Cours\Cours Ipssi\Note\Devops\J3\actions-runner\.credentials_rsaparams
[2026-08-06 07:40:51Z INFO RSAEncryptedFileKeyManager] Loading RSA key parameters from file D:\Cours\Cours Ipssi\Note\Devops\J3\actions-runner\.credentials_rsaparams
[2026-08-06 07:40:51Z INFO RSAEncryptedFileKeyManager] Loading RSA key parameters from file D:\Cours\Cours Ipssi\Note\Devops\J3\actions-runner\.credentials_rsaparams
[2026-08-06 07:40:51Z INFO GitHubActionsService] AAD Correlation ID for this token request: Unknown
[2026-08-06 07:40:53Z INFO JobDispatcher] Job request 0 for plan 9ee62f11-c261-4968-a290-4a7b2210303b job ffa747dc-d934-5755-89ba-748695c0c6af received.
[2026-08-06 07:40:53Z INFO JobDispatcher] Pull OrchestrationId 9ee62f11-c261-4968-a290-4a7b2210303b.deploy.__default from JWT claims
[2026-08-06 07:40:53Z INFO BrokerMessageListener] Received job status event. JobState: Busy
[2026-08-06 07:40:53Z INFO BrokerMessageListener] _getMessagesTokenSource is already disposed.
[2026-08-06 07:40:53Z INFO Terminal] WRITE LINE: 2026-08-06 07:40:53Z: Running job: deploy
[2026-08-06 07:40:53Z INFO JobDispatcher] Start renew job request 0 for job ffa747dc-d934-5755-89ba-748695c0c6af.
[2026-08-06 07:40:53Z INFO JobDispatcher] Successfully renew job ffa747dc-d934-5755-89ba-748695c0c6af, job is valid till 06/08/2026 07:50:53
[2026-08-06 07:40:53Z INFO HostContext] Well known directory 'Bin': 'D:\Cours\Cours Ipssi\Note\Devops\J3\actions-runner\bin'
[2026-08-06 07:40:53Z INFO ProcessInvokerWrapper] Starting process:
[2026-08-06 07:40:53Z INFO ProcessInvokerWrapper]   File name: 'D:\Cours\Cours Ipssi\Note\Devops\J3\actions-runner\bin\Runner.Worker.exe'
[2026-08-06 07:40:53Z INFO ProcessInvokerWrapper]   Arguments: 'spawnclient 2180 2208'
[2026-08-06 07:40:53Z INFO ProcessInvokerWrapper]   Working directory: 'D:\Cours\Cours Ipssi\Note\Devops\J3\actions-runner\bin'
[2026-08-06 07:40:53Z INFO ProcessInvokerWrapper]   Require exit code zero: 'False'
[2026-08-06 07:40:53Z INFO ProcessInvokerWrapper]   Encoding web name:  ; code page: ''
[2026-08-06 07:40:53Z INFO ProcessInvokerWrapper]   Force kill process on cancellation: 'True'
[2026-08-06 07:40:53Z INFO ProcessInvokerWrapper]   Redirected STDIN: 'False'
[2026-08-06 07:40:53Z INFO ProcessInvokerWrapper]   Persist current code page: 'False'
[2026-08-06 07:40:53Z INFO ProcessInvokerWrapper]   Keep redirected STDIN open: 'False'
[2026-08-06 07:40:53Z INFO ProcessInvokerWrapper]   High priority process: 'True'
[2026-08-06 07:40:53Z INFO ProcessInvokerWrapper] Process started with process id 15756, waiting for process exit.
[2026-08-06 07:40:53Z INFO JobDispatcher] Send job request message to worker for job ffa747dc-d934-5755-89ba-748695c0c6af.
[2026-08-06 07:40:53Z INFO ProcessChannel] Sending message of length 110768, with hash '8db92e4a3e6e425fc939b0fa25feecd86e6c26af14f80a9e9350c2572c505ae8'
[2026-08-06 07:40:53Z INFO JobNotification] Entering JobStarted Notification
[2026-08-06 07:40:53Z INFO JobNotification] Entering StartMonitor
[2026-08-06 07:41:19Z INFO ProcessInvokerWrapper] STDOUT/STDERR stream read finished.
[2026-08-06 07:41:19Z INFO ProcessInvokerWrapper] STDOUT/STDERR stream read finished.
[2026-08-06 07:41:19Z INFO ProcessInvokerWrapper] Finished process 15756 with exit code 102, and elapsed time 00:00:26.4172815.
[2026-08-06 07:41:19Z INFO JobDispatcher] Worker finished for job ffa747dc-d934-5755-89ba-748695c0c6af. Code: 102
[2026-08-06 07:41:19Z INFO JobDispatcher] finish job request for job ffa747dc-d934-5755-89ba-748695c0c6af with result: Failed
[2026-08-06 07:41:19Z INFO Terminal] WRITE LINE: 2026-08-06 07:41:19Z: Job deploy completed with result: Failed
[2026-08-06 07:41:19Z INFO JobDispatcher] Stop renew job request for job ffa747dc-d934-5755-89ba-748695c0c6af.
[2026-08-06 07:41:19Z INFO JobDispatcher] job renew has been cancelled, stop renew job ffa747dc-d934-5755-89ba-748695c0c6af.
[2026-08-06 07:41:19Z INFO JobNotification] Entering JobCompleted Notification
[2026-08-06 07:41:19Z INFO JobNotification] Entering EndMonitor
[2026-08-06 07:41:19Z INFO BrokerMessageListener] Received job status event. JobState: Online
[2026-08-06 07:41:19Z WARN GitHubActionsService] GET request to https://broker.actions.githubusercontent.com/message?sessionId=cda983de-c40b-43b2-95e2-3cdd480ac3cd&status=Busy&runnerVersion=2.336.0&os=Windows&architecture=X64&disableUpdate=false has been cancelled.
[2026-08-06 07:41:19Z ERR  BrokerServer] Catch exception during request
[2026-08-06 07:41:19Z ERR  BrokerServer] System.Threading.Tasks.TaskCanceledException: The operation was canceled.
 ---> System.Threading.Tasks.TaskCanceledException: The operation was canceled.
 ---> System.IO.IOException: Unable to read data from the transport connection: L’opération d’entrée/sortie a été abandonnée en raison de l’arrêt d’un thread ou à la demande d’une application..
 ---> System.Net.Sockets.SocketException (995): L’opération d’entrée/sortie a été abandonnée en raison de l’arrêt d’un thread ou à la demande d’une application.
   --- End of inner exception stack trace ---
   at System.Net.Sockets.Socket.AwaitableSocketAsyncEventArgs.ThrowException(SocketError error, CancellationToken cancellationToken)
   at System.Net.Sockets.Socket.AwaitableSocketAsyncEventArgs.System.Threading.Tasks.Sources.IValueTaskSource<System.Int32>.GetResult(Int16 token)
   at System.Net.Security.SslStream.EnsureFullTlsFrameAsync[TIOAdapter](CancellationToken cancellationToken, Int32 estimatedSize)
   at System.Runtime.CompilerServices.PoolingAsyncValueTaskMethodBuilder`1.StateMachineBox`1.System.Threading.Tasks.Sources.IValueTaskSource<TResult>.GetResult(Int16 token)
   at System.Net.Security.SslStream.ReadAsyncInternal[TIOAdapter](Memory`1 buffer, CancellationToken cancellationToken)
   at System.Runtime.CompilerServices.PoolingAsyncValueTaskMethodBuilder`1.StateMachineBox`1.System.Threading.Tasks.Sources.IValueTaskSource<TResult>.GetResult(Int16 token)
   at System.Net.Http.HttpConnection.SendAsync(HttpRequestMessage request, Boolean async, CancellationToken cancellationToken)
   --- End of inner exception stack trace ---
   at System.Net.Http.HttpConnection.SendAsync(HttpRequestMessage request, Boolean async, CancellationToken cancellationToken)
   at System.Net.Http.AuthenticationHelper.SendWithNtAuthAsync(HttpRequestMessage request, Uri authUri, Boolean async, ICredentials credentials, Boolean isProxyAuth, HttpConnection connection, HttpConnectionPool connectionPool, CancellationToken cancellationToken)
   at System.Net.Http.HttpConnectionPool.SendWithVersionDetectionAndRetryAsync(HttpRequestMessage request, Boolean async, Boolean doRequestAuth, CancellationToken cancellationToken)
   at System.Net.Http.AuthenticationHelper.SendWithAuthAsync(HttpRequestMessage request, Uri authUri, Boolean async, ICredentials credentials, Boolean preAuthenticate, Boolean isProxyAuth, Boolean doRequestAuth, HttpConnectionPool pool, CancellationToken cancellationToken)
   at System.Net.Http.RedirectHandler.SendAsync(HttpRequestMessage request, Boolean async, CancellationToken cancellationToken)
   at GitHub.Services.Common.RawHttpMessageHandler.SendAsync(HttpRequestMessage request, CancellationToken cancellationToken)
   at GitHub.Services.Common.VssHttpRetryMessageHandler.SendAsync(HttpRequestMessage request, CancellationToken cancellationToken)
   at System.Net.Http.HttpClient.<SendAsync>g__Core|83_0(HttpRequestMessage request, HttpCompletionOption completionOption, CancellationTokenSource cts, Boolean disposeCts, CancellationTokenSource pendingRequestsCts, CancellationToken originalCancellationToken)
   --- End of inner exception stack trace ---
   at System.Net.Http.HttpClient.HandleFailure(Exception e, Boolean telemetryStarted, HttpResponseMessage response, CancellationTokenSource cts, CancellationToken cancellationToken, CancellationTokenSource pendingRequestsCts)
   at System.Net.Http.HttpClient.<SendAsync>g__Core|83_0(HttpRequestMessage request, HttpCompletionOption completionOption, CancellationTokenSource cts, Boolean disposeCts, CancellationTokenSource pendingRequestsCts, CancellationToken originalCancellationToken)
   at Sdk.WebApi.WebApi.RawHttpClientBase.SendAsync(HttpRequestMessage message, HttpCompletionOption completionOption, Object userState, CancellationToken cancellationToken)
   at Sdk.WebApi.WebApi.RawHttpClientBase.SendAsync[T](HttpRequestMessage message, Boolean readErrorBody, Object userState, CancellationToken cancellationToken)
   at Sdk.WebApi.WebApi.RawHttpClientBase.SendAsync[T](HttpMethod method, IEnumerable`1 additionalHeaders, Uri requestUri, HttpContent content, IEnumerable`1 queryParameters, Boolean readErrorBody, Object userState, CancellationToken cancellationToken)
   at GitHub.Actions.RunService.WebApi.BrokerHttpClient.GetRunnerMessageAsync(Nullable`1 sessionId, String runnerVersion, Nullable`1 status, String os, String architecture, Nullable`1 disableUpdate, CancellationToken cancellationToken)
   at GitHub.Runner.Common.BrokerServer.<>c__DisplayClass7_0.<<GetRunnerMessageAsync>b__0>d.MoveNext()
--- End of stack trace from previous location ---
   at GitHub.Runner.Common.RunnerService.RetryRequest[T](Func`1 func, CancellationToken cancellationToken, Int32 maxAttempts, Func`2 shouldRetry)
[2026-08-06 07:41:19Z ERR  BrokerServer] #####################################################
[2026-08-06 07:41:19Z ERR  BrokerServer] System.Threading.Tasks.TaskCanceledException: The operation was canceled.
 ---> System.IO.IOException: Unable to read data from the transport connection: L’opération d’entrée/sortie a été abandonnée en raison de l’arrêt d’un thread ou à la demande d’une application..
 ---> System.Net.Sockets.SocketException (995): L’opération d’entrée/sortie a été abandonnée en raison de l’arrêt d’un thread ou à la demande d’une application.
   --- End of inner exception stack trace ---
   at System.Net.Sockets.Socket.AwaitableSocketAsyncEventArgs.ThrowException(SocketError error, CancellationToken cancellationToken)
   at System.Net.Sockets.Socket.AwaitableSocketAsyncEventArgs.System.Threading.Tasks.Sources.IValueTaskSource<System.Int32>.GetResult(Int16 token)
   at System.Net.Security.SslStream.EnsureFullTlsFrameAsync[TIOAdapter](CancellationToken cancellationToken, Int32 estimatedSize)
   at System.Runtime.CompilerServices.PoolingAsyncValueTaskMethodBuilder`1.StateMachineBox`1.System.Threading.Tasks.Sources.IValueTaskSource<TResult>.GetResult(Int16 token)
   at System.Net.Security.SslStream.ReadAsyncInternal[TIOAdapter](Memory`1 buffer, CancellationToken cancellationToken)
   at System.Runtime.CompilerServices.PoolingAsyncValueTaskMethodBuilder`1.StateMachineBox`1.System.Threading.Tasks.Sources.IValueTaskSource<TResult>.GetResult(Int16 token)
   at System.Net.Http.HttpConnection.SendAsync(HttpRequestMessage request, Boolean async, CancellationToken cancellationToken)
   --- End of inner exception stack trace ---
   at System.Net.Http.HttpConnection.SendAsync(HttpRequestMessage request, Boolean async, CancellationToken cancellationToken)
   at System.Net.Http.AuthenticationHelper.SendWithNtAuthAsync(HttpRequestMessage request, Uri authUri, Boolean async, ICredentials credentials, Boolean isProxyAuth, HttpConnection connection, HttpConnectionPool connectionPool, CancellationToken cancellationToken)
   at System.Net.Http.HttpConnectionPool.SendWithVersionDetectionAndRetryAsync(HttpRequestMessage request, Boolean async, Boolean doRequestAuth, CancellationToken cancellationToken)
   at System.Net.Http.AuthenticationHelper.SendWithAuthAsync(HttpRequestMessage request, Uri authUri, Boolean async, ICredentials credentials, Boolean preAuthenticate, Boolean isProxyAuth, Boolean doRequestAuth, HttpConnectionPool pool, CancellationToken cancellationToken)
   at System.Net.Http.RedirectHandler.SendAsync(HttpRequestMessage request, Boolean async, CancellationToken cancellationToken)
   at GitHub.Services.Common.RawHttpMessageHandler.SendAsync(HttpRequestMessage request, CancellationToken cancellationToken)
   at GitHub.Services.Common.VssHttpRetryMessageHandler.SendAsync(HttpRequestMessage request, CancellationToken cancellationToken)
   at System.Net.Http.HttpClient.<SendAsync>g__Core|83_0(HttpRequestMessage request, HttpCompletionOption completionOption, CancellationTokenSource cts, Boolean disposeCts, CancellationTokenSource pendingRequestsCts, CancellationToken originalCancellationToken)
[2026-08-06 07:41:19Z ERR  BrokerServer] #####################################################
[2026-08-06 07:41:19Z ERR  BrokerServer] System.IO.IOException: Unable to read data from the transport connection: L’opération d’entrée/sortie a été abandonnée en raison de l’arrêt d’un thread ou à la demande d’une application..
 ---> System.Net.Sockets.SocketException (995): L’opération d’entrée/sortie a été abandonnée en raison de l’arrêt d’un thread ou à la demande d’une application.
   --- End of inner exception stack trace ---
   at System.Net.Sockets.Socket.AwaitableSocketAsyncEventArgs.ThrowException(SocketError error, CancellationToken cancellationToken)
   at System.Net.Sockets.Socket.AwaitableSocketAsyncEventArgs.System.Threading.Tasks.Sources.IValueTaskSource<System.Int32>.GetResult(Int16 token)
   at System.Net.Security.SslStream.EnsureFullTlsFrameAsync[TIOAdapter](CancellationToken cancellationToken, Int32 estimatedSize)
   at System.Runtime.CompilerServices.PoolingAsyncValueTaskMethodBuilder`1.StateMachineBox`1.System.Threading.Tasks.Sources.IValueTaskSource<TResult>.GetResult(Int16 token)
   at System.Net.Security.SslStream.ReadAsyncInternal[TIOAdapter](Memory`1 buffer, CancellationToken cancellationToken)
   at System.Runtime.CompilerServices.PoolingAsyncValueTaskMethodBuilder`1.StateMachineBox`1.System.Threading.Tasks.Sources.IValueTaskSource<TResult>.GetResult(Int16 token)
   at System.Net.Http.HttpConnection.SendAsync(HttpRequestMessage request, Boolean async, CancellationToken cancellationToken)
[2026-08-06 07:41:19Z ERR  BrokerServer] #####################################################
[2026-08-06 07:41:19Z ERR  BrokerServer] System.Net.Sockets.SocketException (995): L’opération d’entrée/sortie a été abandonnée en raison de l’arrêt d’un thread ou à la demande d’une application.
[2026-08-06 07:41:19Z WARN BrokerServer] Back off 6,348 seconds before next retry. 4 attempt left.
[2026-08-06 07:41:19Z INFO BrokerMessageListener] Get messages has been cancelled using local token source. Continue to get messages with new status.
[2026-08-06 07:41:20Z INFO BrokerMessageListener] Acknowledging runner request '8b825631-cd35-59d5-9c6d-3e00fb276019'.
[2026-08-06 07:41:20Z INFO ConfigurationStore] HasCredentials()
[2026-08-06 07:41:20Z INFO ConfigurationStore] stored True
[2026-08-06 07:41:20Z INFO CredentialManager] GetCredentialProvider
[2026-08-06 07:41:20Z INFO CredentialManager] Creating type OAuth
[2026-08-06 07:41:20Z INFO CredentialManager] Creating credential type: OAuth
[2026-08-06 07:41:20Z INFO RSAEncryptedFileKeyManager] Loading RSA key parameters from file D:\Cours\Cours Ipssi\Note\Devops\J3\actions-runner\.credentials_rsaparams
[2026-08-06 07:41:20Z INFO RSAEncryptedFileKeyManager] Loading RSA key parameters from file D:\Cours\Cours Ipssi\Note\Devops\J3\actions-runner\.credentials_rsaparams
[2026-08-06 07:41:20Z INFO RSAEncryptedFileKeyManager] Loading RSA key parameters from file D:\Cours\Cours Ipssi\Note\Devops\J3\actions-runner\.credentials_rsaparams
[2026-08-06 07:41:20Z INFO GitHubActionsService] AAD Correlation ID for this token request: Unknown
[2026-08-06 07:41:21Z INFO JobDispatcher] Job request 0 for plan abc8c8c6-61b1-4686-a8a5-219ccfd5dea6 job 8b825631-cd35-59d5-9c6d-3e00fb276019 received.
[2026-08-06 07:41:21Z INFO JobDispatcher] Pull OrchestrationId abc8c8c6-61b1-4686-a8a5-219ccfd5dea6.deploy.__default from JWT claims
[2026-08-06 07:41:21Z INFO BrokerMessageListener] Received job status event. JobState: Busy
[2026-08-06 07:41:21Z INFO BrokerMessageListener] _getMessagesTokenSource is already disposed.
[2026-08-06 07:41:21Z INFO JobDispatcher] Job request ffa747dc-d934-5755-89ba-748695c0c6af processed succeed.
[2026-08-06 07:41:21Z INFO Terminal] WRITE LINE: 2026-08-06 07:41:21Z: Running job: deploy
[2026-08-06 07:41:21Z INFO JobDispatcher] Start renew job request 0 for job 8b825631-cd35-59d5-9c6d-3e00fb276019.
[2026-08-06 07:41:21Z INFO JobDispatcher] Successfully renew job 8b825631-cd35-59d5-9c6d-3e00fb276019, job is valid till 06/08/2026 07:51:21
[2026-08-06 07:41:21Z INFO HostContext] Well known directory 'Bin': 'D:\Cours\Cours Ipssi\Note\Devops\J3\actions-runner\bin'
[2026-08-06 07:41:21Z INFO ProcessInvokerWrapper] Starting process:
[2026-08-06 07:41:21Z INFO ProcessInvokerWrapper]   File name: 'D:\Cours\Cours Ipssi\Note\Devops\J3\actions-runner\bin\Runner.Worker.exe'
[2026-08-06 07:41:21Z INFO ProcessInvokerWrapper]   Arguments: 'spawnclient 2312 2216'
[2026-08-06 07:41:21Z INFO ProcessInvokerWrapper]   Working directory: 'D:\Cours\Cours Ipssi\Note\Devops\J3\actions-runner\bin'
[2026-08-06 07:41:21Z INFO ProcessInvokerWrapper]   Require exit code zero: 'False'
[2026-08-06 07:41:21Z INFO ProcessInvokerWrapper]   Encoding web name:  ; code page: ''
[2026-08-06 07:41:21Z INFO ProcessInvokerWrapper]   Force kill process on cancellation: 'True'
[2026-08-06 07:41:21Z INFO ProcessInvokerWrapper]   Redirected STDIN: 'False'
[2026-08-06 07:41:21Z INFO ProcessInvokerWrapper]   Persist current code page: 'False'
[2026-08-06 07:41:21Z INFO ProcessInvokerWrapper]   Keep redirected STDIN open: 'False'
[2026-08-06 07:41:21Z INFO ProcessInvokerWrapper]   High priority process: 'True'
[2026-08-06 07:41:21Z INFO ProcessInvokerWrapper] Process started with process id 15904, waiting for process exit.
[2026-08-06 07:41:21Z INFO JobDispatcher] Send job request message to worker for job 8b825631-cd35-59d5-9c6d-3e00fb276019.
[2026-08-06 07:41:21Z INFO ProcessChannel] Sending message of length 24118, with hash 'c7be9bfabfbbc77d33702514dd940584c8456bfb44c7aefdbf1ecbf4330e5190'
[2026-08-06 07:41:22Z INFO JobNotification] Entering JobStarted Notification
[2026-08-06 07:41:22Z INFO JobNotification] Entering StartMonitor
[2026-08-06 07:42:21Z INFO JobDispatcher] Successfully renew job 8b825631-cd35-59d5-9c6d-3e00fb276019, job is valid till 06/08/2026 07:52:21
[2026-08-06 07:42:28Z INFO ProcessInvokerWrapper] STDOUT/STDERR stream read finished.
[2026-08-06 07:42:28Z INFO ProcessInvokerWrapper] STDOUT/STDERR stream read finished.
[2026-08-06 07:42:28Z INFO ProcessInvokerWrapper] Finished process 15904 with exit code 102, and elapsed time 00:01:07.2476281.
[2026-08-06 07:42:28Z INFO JobDispatcher] Worker finished for job 8b825631-cd35-59d5-9c6d-3e00fb276019. Code: 102
[2026-08-06 07:42:28Z INFO JobDispatcher] finish job request for job 8b825631-cd35-59d5-9c6d-3e00fb276019 with result: Failed
[2026-08-06 07:42:28Z INFO Terminal] WRITE LINE: 2026-08-06 07:42:28Z: Job deploy completed with result: Failed
[2026-08-06 07:42:28Z INFO JobDispatcher] Stop renew job request for job 8b825631-cd35-59d5-9c6d-3e00fb276019.
[2026-08-06 07:42:28Z INFO JobDispatcher] job renew has been cancelled, stop renew job 8b825631-cd35-59d5-9c6d-3e00fb276019.
[2026-08-06 07:42:28Z INFO JobNotification] Entering JobCompleted Notification
[2026-08-06 07:42:28Z INFO JobNotification] Entering EndMonitor
[2026-08-06 07:42:28Z INFO BrokerMessageListener] Received job status event. JobState: Online
[2026-08-06 07:42:28Z WARN GitHubActionsService] GET request to https://broker.actions.githubusercontent.com/message?sessionId=cda983de-c40b-43b2-95e2-3cdd480ac3cd&status=Busy&runnerVersion=2.336.0&os=Windows&architecture=X64&disableUpdate=false has been cancelled.
[2026-08-06 07:42:28Z ERR  BrokerServer] Catch exception during request
[2026-08-06 07:42:28Z ERR  BrokerServer] System.Threading.Tasks.TaskCanceledException: The operation was canceled.
 ---> System.Threading.Tasks.TaskCanceledException: The operation was canceled.
 ---> System.IO.IOException: Unable to read data from the transport connection: L’opération d’entrée/sortie a été abandonnée en raison de l’arrêt d’un thread ou à la demande d’une application..
 ---> System.Net.Sockets.SocketException (995): L’opération d’entrée/sortie a été abandonnée en raison de l’arrêt d’un thread ou à la demande d’une application.
   --- End of inner exception stack trace ---
   at System.Net.Sockets.Socket.AwaitableSocketAsyncEventArgs.ThrowException(SocketError error, CancellationToken cancellationToken)
   at System.Net.Sockets.Socket.AwaitableSocketAsyncEventArgs.System.Threading.Tasks.Sources.IValueTaskSource<System.Int32>.GetResult(Int16 token)
   at System.Net.Security.SslStream.EnsureFullTlsFrameAsync[TIOAdapter](CancellationToken cancellationToken, Int32 estimatedSize)
   at System.Runtime.CompilerServices.PoolingAsyncValueTaskMethodBuilder`1.StateMachineBox`1.System.Threading.Tasks.Sources.IValueTaskSource<TResult>.GetResult(Int16 token)
   at System.Net.Security.SslStream.ReadAsyncInternal[TIOAdapter](Memory`1 buffer, CancellationToken cancellationToken)
   at System.Runtime.CompilerServices.PoolingAsyncValueTaskMethodBuilder`1.StateMachineBox`1.System.Threading.Tasks.Sources.IValueTaskSource<TResult>.GetResult(Int16 token)
   at System.Net.Http.HttpConnection.SendAsync(HttpRequestMessage request, Boolean async, CancellationToken cancellationToken)
   --- End of inner exception stack trace ---
   at System.Net.Http.HttpConnection.SendAsync(HttpRequestMessage request, Boolean async, CancellationToken cancellationToken)
   at System.Net.Http.AuthenticationHelper.SendWithNtAuthAsync(HttpRequestMessage request, Uri authUri, Boolean async, ICredentials credentials, Boolean isProxyAuth, HttpConnection connection, HttpConnectionPool connectionPool, CancellationToken cancellationToken)
   at System.Net.Http.HttpConnectionPool.SendWithVersionDetectionAndRetryAsync(HttpRequestMessage request, Boolean async, Boolean doRequestAuth, CancellationToken cancellationToken)
   at System.Net.Http.AuthenticationHelper.SendWithAuthAsync(HttpRequestMessage request, Uri authUri, Boolean async, ICredentials credentials, Boolean preAuthenticate, Boolean isProxyAuth, Boolean doRequestAuth, HttpConnectionPool pool, CancellationToken cancellationToken)
   at System.Net.Http.RedirectHandler.SendAsync(HttpRequestMessage request, Boolean async, CancellationToken cancellationToken)
   at GitHub.Services.Common.RawHttpMessageHandler.SendAsync(HttpRequestMessage request, CancellationToken cancellationToken)
   at GitHub.Services.Common.VssHttpRetryMessageHandler.SendAsync(HttpRequestMessage request, CancellationToken cancellationToken)
   at System.Net.Http.HttpClient.<SendAsync>g__Core|83_0(HttpRequestMessage request, HttpCompletionOption completionOption, CancellationTokenSource cts, Boolean disposeCts, CancellationTokenSource pendingRequestsCts, CancellationToken originalCancellationToken)
   --- End of inner exception stack trace ---
   at System.Net.Http.HttpClient.HandleFailure(Exception e, Boolean telemetryStarted, HttpResponseMessage response, CancellationTokenSource cts, CancellationToken cancellationToken, CancellationTokenSource pendingRequestsCts)
   at System.Net.Http.HttpClient.<SendAsync>g__Core|83_0(HttpRequestMessage request, HttpCompletionOption completionOption, CancellationTokenSource cts, Boolean disposeCts, CancellationTokenSource pendingRequestsCts, CancellationToken originalCancellationToken)
   at Sdk.WebApi.WebApi.RawHttpClientBase.SendAsync(HttpRequestMessage message, HttpCompletionOption completionOption, Object userState, CancellationToken cancellationToken)
   at Sdk.WebApi.WebApi.RawHttpClientBase.SendAsync[T](HttpRequestMessage message, Boolean readErrorBody, Object userState, CancellationToken cancellationToken)
   at Sdk.WebApi.WebApi.RawHttpClientBase.SendAsync[T](HttpMethod method, IEnumerable`1 additionalHeaders, Uri requestUri, HttpContent content, IEnumerable`1 queryParameters, Boolean readErrorBody, Object userState, CancellationToken cancellationToken)
   at GitHub.Actions.RunService.WebApi.BrokerHttpClient.GetRunnerMessageAsync(Nullable`1 sessionId, String runnerVersion, Nullable`1 status, String os, String architecture, Nullable`1 disableUpdate, CancellationToken cancellationToken)
   at GitHub.Runner.Common.BrokerServer.<>c__DisplayClass7_0.<<GetRunnerMessageAsync>b__0>d.MoveNext()
--- End of stack trace from previous location ---
   at GitHub.Runner.Common.RunnerService.RetryRequest[T](Func`1 func, CancellationToken cancellationToken, Int32 maxAttempts, Func`2 shouldRetry)
[2026-08-06 07:42:28Z ERR  BrokerServer] #####################################################
[2026-08-06 07:42:28Z ERR  BrokerServer] System.Threading.Tasks.TaskCanceledException: The operation was canceled.
 ---> System.IO.IOException: Unable to read data from the transport connection: L’opération d’entrée/sortie a été abandonnée en raison de l’arrêt d’un thread ou à la demande d’une application..
 ---> System.Net.Sockets.SocketException (995): L’opération d’entrée/sortie a été abandonnée en raison de l’arrêt d’un thread ou à la demande d’une application.
   --- End of inner exception stack trace ---
   at System.Net.Sockets.Socket.AwaitableSocketAsyncEventArgs.ThrowException(SocketError error, CancellationToken cancellationToken)
   at System.Net.Sockets.Socket.AwaitableSocketAsyncEventArgs.System.Threading.Tasks.Sources.IValueTaskSource<System.Int32>.GetResult(Int16 token)
   at System.Net.Security.SslStream.EnsureFullTlsFrameAsync[TIOAdapter](CancellationToken cancellationToken, Int32 estimatedSize)
   at System.Runtime.CompilerServices.PoolingAsyncValueTaskMethodBuilder`1.StateMachineBox`1.System.Threading.Tasks.Sources.IValueTaskSource<TResult>.GetResult(Int16 token)
   at System.Net.Security.SslStream.ReadAsyncInternal[TIOAdapter](Memory`1 buffer, CancellationToken cancellationToken)
   at System.Runtime.CompilerServices.PoolingAsyncValueTaskMethodBuilder`1.StateMachineBox`1.System.Threading.Tasks.Sources.IValueTaskSource<TResult>.GetResult(Int16 token)
   at System.Net.Http.HttpConnection.SendAsync(HttpRequestMessage request, Boolean async, CancellationToken cancellationToken)
   --- End of inner exception stack trace ---
   at System.Net.Http.HttpConnection.SendAsync(HttpRequestMessage request, Boolean async, CancellationToken cancellationToken)
   at System.Net.Http.AuthenticationHelper.SendWithNtAuthAsync(HttpRequestMessage request, Uri authUri, Boolean async, ICredentials credentials, Boolean isProxyAuth, HttpConnection connection, HttpConnectionPool connectionPool, CancellationToken cancellationToken)
   at System.Net.Http.HttpConnectionPool.SendWithVersionDetectionAndRetryAsync(HttpRequestMessage request, Boolean async, Boolean doRequestAuth, CancellationToken cancellationToken)
   at System.Net.Http.AuthenticationHelper.SendWithAuthAsync(HttpRequestMessage request, Uri authUri, Boolean async, ICredentials credentials, Boolean preAuthenticate, Boolean isProxyAuth, Boolean doRequestAuth, HttpConnectionPool pool, CancellationToken cancellationToken)
   at System.Net.Http.RedirectHandler.SendAsync(HttpRequestMessage request, Boolean async, CancellationToken cancellationToken)
   at GitHub.Services.Common.RawHttpMessageHandler.SendAsync(HttpRequestMessage request, CancellationToken cancellationToken)
   at GitHub.Services.Common.VssHttpRetryMessageHandler.SendAsync(HttpRequestMessage request, CancellationToken cancellationToken)
   at System.Net.Http.HttpClient.<SendAsync>g__Core|83_0(HttpRequestMessage request, HttpCompletionOption completionOption, CancellationTokenSource cts, Boolean disposeCts, CancellationTokenSource pendingRequestsCts, CancellationToken originalCancellationToken)
[2026-08-06 07:42:28Z ERR  BrokerServer] #####################################################
[2026-08-06 07:42:28Z ERR  BrokerServer] System.IO.IOException: Unable to read data from the transport connection: L’opération d’entrée/sortie a été abandonnée en raison de l’arrêt d’un thread ou à la demande d’une application..
 ---> System.Net.Sockets.SocketException (995): L’opération d’entrée/sortie a été abandonnée en raison de l’arrêt d’un thread ou à la demande d’une application.
   --- End of inner exception stack trace ---
   at System.Net.Sockets.Socket.AwaitableSocketAsyncEventArgs.ThrowException(SocketError error, CancellationToken cancellationToken)
   at System.Net.Sockets.Socket.AwaitableSocketAsyncEventArgs.System.Threading.Tasks.Sources.IValueTaskSource<System.Int32>.GetResult(Int16 token)
   at System.Net.Security.SslStream.EnsureFullTlsFrameAsync[TIOAdapter](CancellationToken cancellationToken, Int32 estimatedSize)
   at System.Runtime.CompilerServices.PoolingAsyncValueTaskMethodBuilder`1.StateMachineBox`1.System.Threading.Tasks.Sources.IValueTaskSource<TResult>.GetResult(Int16 token)
   at System.Net.Security.SslStream.ReadAsyncInternal[TIOAdapter](Memory`1 buffer, CancellationToken cancellationToken)
   at System.Runtime.CompilerServices.PoolingAsyncValueTaskMethodBuilder`1.StateMachineBox`1.System.Threading.Tasks.Sources.IValueTaskSource<TResult>.GetResult(Int16 token)
   at System.Net.Http.HttpConnection.SendAsync(HttpRequestMessage request, Boolean async, CancellationToken cancellationToken)
[2026-08-06 07:42:28Z ERR  BrokerServer] #####################################################
[2026-08-06 07:42:28Z ERR  BrokerServer] System.Net.Sockets.SocketException (995): L’opération d’entrée/sortie a été abandonnée en raison de l’arrêt d’un thread ou à la demande d’une application.
[2026-08-06 07:42:28Z WARN BrokerServer] Back off 13,341 seconds before next retry. 4 attempt left.
[2026-08-06 07:42:28Z INFO BrokerMessageListener] Get messages has been cancelled using local token source. Continue to get messages with new status.
[2026-08-06 07:42:29Z INFO BrokerMessageListener] Acknowledging runner request '197b69dc-f86f-5691-ac36-ca359eb36cb6'.
[2026-08-06 07:42:29Z INFO ConfigurationStore] HasCredentials()
[2026-08-06 07:42:29Z INFO ConfigurationStore] stored True
[2026-08-06 07:42:29Z INFO CredentialManager] GetCredentialProvider
[2026-08-06 07:42:29Z INFO CredentialManager] Creating type OAuth
[2026-08-06 07:42:29Z INFO CredentialManager] Creating credential type: OAuth
[2026-08-06 07:42:29Z INFO RSAEncryptedFileKeyManager] Loading RSA key parameters from file D:\Cours\Cours Ipssi\Note\Devops\J3\actions-runner\.credentials_rsaparams
[2026-08-06 07:42:29Z INFO RSAEncryptedFileKeyManager] Loading RSA key parameters from file D:\Cours\Cours Ipssi\Note\Devops\J3\actions-runner\.credentials_rsaparams
[2026-08-06 07:42:29Z INFO RSAEncryptedFileKeyManager] Loading RSA key parameters from file D:\Cours\Cours Ipssi\Note\Devops\J3\actions-runner\.credentials_rsaparams
[2026-08-06 07:42:29Z INFO GitHubActionsService] AAD Correlation ID for this token request: Unknown
[2026-08-06 07:42:30Z INFO JobDispatcher] Job request 0 for plan b27e9178-241a-474d-bde6-5780a421b004 job 197b69dc-f86f-5691-ac36-ca359eb36cb6 received.
[2026-08-06 07:42:30Z INFO JobDispatcher] Pull OrchestrationId b27e9178-241a-474d-bde6-5780a421b004.deploy.__default from JWT claims
[2026-08-06 07:42:30Z INFO BrokerMessageListener] Received job status event. JobState: Busy
[2026-08-06 07:42:30Z INFO BrokerMessageListener] _getMessagesTokenSource is already disposed.
[2026-08-06 07:42:30Z INFO JobDispatcher] Job request 8b825631-cd35-59d5-9c6d-3e00fb276019 processed succeed.
[2026-08-06 07:42:30Z INFO Terminal] WRITE LINE: 2026-08-06 07:42:30Z: Running job: deploy
[2026-08-06 07:42:30Z INFO JobDispatcher] Start renew job request 0 for job 197b69dc-f86f-5691-ac36-ca359eb36cb6.
[2026-08-06 07:42:30Z INFO JobDispatcher] Successfully renew job 197b69dc-f86f-5691-ac36-ca359eb36cb6, job is valid till 06/08/2026 07:52:30
[2026-08-06 07:42:30Z INFO HostContext] Well known directory 'Bin': 'D:\Cours\Cours Ipssi\Note\Devops\J3\actions-runner\bin'
[2026-08-06 07:42:30Z INFO ProcessInvokerWrapper] Starting process:
[2026-08-06 07:42:30Z INFO ProcessInvokerWrapper]   File name: 'D:\Cours\Cours Ipssi\Note\Devops\J3\actions-runner\bin\Runner.Worker.exe'
[2026-08-06 07:42:30Z INFO ProcessInvokerWrapper]   Arguments: 'spawnclient 2372 2384'
[2026-08-06 07:42:30Z INFO ProcessInvokerWrapper]   Working directory: 'D:\Cours\Cours Ipssi\Note\Devops\J3\actions-runner\bin'
[2026-08-06 07:42:30Z INFO ProcessInvokerWrapper]   Require exit code zero: 'False'
[2026-08-06 07:42:30Z INFO ProcessInvokerWrapper]   Encoding web name:  ; code page: ''
[2026-08-06 07:42:30Z INFO ProcessInvokerWrapper]   Force kill process on cancellation: 'True'
[2026-08-06 07:42:30Z INFO ProcessInvokerWrapper]   Redirected STDIN: 'False'
[2026-08-06 07:42:30Z INFO ProcessInvokerWrapper]   Persist current code page: 'False'
[2026-08-06 07:42:30Z INFO ProcessInvokerWrapper]   Keep redirected STDIN open: 'False'
[2026-08-06 07:42:30Z INFO ProcessInvokerWrapper]   High priority process: 'True'
[2026-08-06 07:42:30Z INFO ProcessInvokerWrapper] Process started with process id 2972, waiting for process exit.
[2026-08-06 07:42:30Z INFO JobDispatcher] Send job request message to worker for job 197b69dc-f86f-5691-ac36-ca359eb36cb6.
[2026-08-06 07:42:30Z INFO ProcessChannel] Sending message of length 110945, with hash 'ac63ab4187057094d2cde46a07bf1c45d8473b5d0e60d75e432d926bc9468c30'
[2026-08-06 07:42:31Z INFO JobNotification] Entering JobStarted Notification
[2026-08-06 07:42:31Z INFO JobNotification] Entering StartMonitor
[2026-08-06 07:43:09Z INFO ProcessInvokerWrapper] STDOUT/STDERR stream read finished.
[2026-08-06 07:43:09Z INFO ProcessInvokerWrapper] STDOUT/STDERR stream read finished.
[2026-08-06 07:43:09Z INFO ProcessInvokerWrapper] Finished process 2972 with exit code 102, and elapsed time 00:00:38.8913429.
[2026-08-06 07:43:09Z INFO JobDispatcher] Worker finished for job 197b69dc-f86f-5691-ac36-ca359eb36cb6. Code: 102
[2026-08-06 07:43:09Z INFO JobDispatcher] finish job request for job 197b69dc-f86f-5691-ac36-ca359eb36cb6 with result: Failed
[2026-08-06 07:43:09Z INFO Terminal] WRITE LINE: 2026-08-06 07:43:09Z: Job deploy completed with result: Failed
[2026-08-06 07:43:09Z INFO JobDispatcher] Stop renew job request for job 197b69dc-f86f-5691-ac36-ca359eb36cb6.
[2026-08-06 07:43:09Z INFO JobDispatcher] job renew has been cancelled, stop renew job 197b69dc-f86f-5691-ac36-ca359eb36cb6.
[2026-08-06 07:43:09Z INFO JobNotification] Entering JobCompleted Notification
[2026-08-06 07:43:09Z INFO JobNotification] Entering EndMonitor
[2026-08-06 07:43:09Z INFO BrokerMessageListener] Received job status event. JobState: Online
[2026-08-06 07:43:09Z WARN GitHubActionsService] GET request to https://broker.actions.githubusercontent.com/message?sessionId=cda983de-c40b-43b2-95e2-3cdd480ac3cd&status=Busy&runnerVersion=2.336.0&os=Windows&architecture=X64&disableUpdate=false has been cancelled.
[2026-08-06 07:43:09Z ERR  BrokerServer] Catch exception during request
[2026-08-06 07:43:09Z ERR  BrokerServer] System.Threading.Tasks.TaskCanceledException: The operation was canceled.
 ---> System.Threading.Tasks.TaskCanceledException: The operation was canceled.
 ---> System.IO.IOException: Unable to read data from the transport connection: L’opération d’entrée/sortie a été abandonnée en raison de l’arrêt d’un thread ou à la demande d’une application..
 ---> System.Net.Sockets.SocketException (995): L’opération d’entrée/sortie a été abandonnée en raison de l’arrêt d’un thread ou à la demande d’une application.
   --- End of inner exception stack trace ---
   at System.Net.Sockets.Socket.AwaitableSocketAsyncEventArgs.System.Threading.Tasks.Sources.IValueTaskSource<System.Int32>.GetResult(Int16 token)
   at System.Net.Security.SslStream.EnsureFullTlsFrameAsync[TIOAdapter](CancellationToken cancellationToken, Int32 estimatedSize)
   at System.Runtime.CompilerServices.PoolingAsyncValueTaskMethodBuilder`1.StateMachineBox`1.System.Threading.Tasks.Sources.IValueTaskSource<TResult>.GetResult(Int16 token)
   at System.Net.Security.SslStream.ReadAsyncInternal[TIOAdapter](Memory`1 buffer, CancellationToken cancellationToken)
   at System.Runtime.CompilerServices.PoolingAsyncValueTaskMethodBuilder`1.StateMachineBox`1.System.Threading.Tasks.Sources.IValueTaskSource<TResult>.GetResult(Int16 token)
   at System.Net.Http.HttpConnection.SendAsync(HttpRequestMessage request, Boolean async, CancellationToken cancellationToken)
   --- End of inner exception stack trace ---
   at System.Net.Http.HttpConnection.SendAsync(HttpRequestMessage request, Boolean async, CancellationToken cancellationToken)
   at System.Net.Http.AuthenticationHelper.SendWithNtAuthAsync(HttpRequestMessage request, Uri authUri, Boolean async, ICredentials credentials, Boolean isProxyAuth, HttpConnection connection, HttpConnectionPool connectionPool, CancellationToken cancellationToken)
   at System.Net.Http.HttpConnectionPool.SendWithVersionDetectionAndRetryAsync(HttpRequestMessage request, Boolean async, Boolean doRequestAuth, CancellationToken cancellationToken)
   at System.Net.Http.AuthenticationHelper.SendWithAuthAsync(HttpRequestMessage request, Uri authUri, Boolean async, ICredentials credentials, Boolean preAuthenticate, Boolean isProxyAuth, Boolean doRequestAuth, HttpConnectionPool pool, CancellationToken cancellationToken)
   at System.Net.Http.RedirectHandler.SendAsync(HttpRequestMessage request, Boolean async, CancellationToken cancellationToken)
   at GitHub.Services.Common.RawHttpMessageHandler.SendAsync(HttpRequestMessage request, CancellationToken cancellationToken)
   at GitHub.Services.Common.VssHttpRetryMessageHandler.SendAsync(HttpRequestMessage request, CancellationToken cancellationToken)
   at System.Net.Http.HttpClient.<SendAsync>g__Core|83_0(HttpRequestMessage request, HttpCompletionOption completionOption, CancellationTokenSource cts, Boolean disposeCts, CancellationTokenSource pendingRequestsCts, CancellationToken originalCancellationToken)
   --- End of inner exception stack trace ---
   at System.Net.Http.HttpClient.HandleFailure(Exception e, Boolean telemetryStarted, HttpResponseMessage response, CancellationTokenSource cts, CancellationToken cancellationToken, CancellationTokenSource pendingRequestsCts)
   at System.Net.Http.HttpClient.<SendAsync>g__Core|83_0(HttpRequestMessage request, HttpCompletionOption completionOption, CancellationTokenSource cts, Boolean disposeCts, CancellationTokenSource pendingRequestsCts, CancellationToken originalCancellationToken)
   at Sdk.WebApi.WebApi.RawHttpClientBase.SendAsync(HttpRequestMessage message, HttpCompletionOption completionOption, Object userState, CancellationToken cancellationToken)
   at Sdk.WebApi.WebApi.RawHttpClientBase.SendAsync[T](HttpRequestMessage message, Boolean readErrorBody, Object userState, CancellationToken cancellationToken)
   at Sdk.WebApi.WebApi.RawHttpClientBase.SendAsync[T](HttpMethod method, IEnumerable`1 additionalHeaders, Uri requestUri, HttpContent content, IEnumerable`1 queryParameters, Boolean readErrorBody, Object userState, CancellationToken cancellationToken)
   at GitHub.Actions.RunService.WebApi.BrokerHttpClient.GetRunnerMessageAsync(Nullable`1 sessionId, String runnerVersion, Nullable`1 status, String os, String architecture, Nullable`1 disableUpdate, CancellationToken cancellationToken)
   at GitHub.Runner.Common.BrokerServer.<>c__DisplayClass7_0.<<GetRunnerMessageAsync>b__0>d.MoveNext()
--- End of stack trace from previous location ---
   at GitHub.Runner.Common.RunnerService.RetryRequest[T](Func`1 func, CancellationToken cancellationToken, Int32 maxAttempts, Func`2 shouldRetry)
[2026-08-06 07:43:09Z ERR  BrokerServer] #####################################################
[2026-08-06 07:43:09Z ERR  BrokerServer] System.Threading.Tasks.TaskCanceledException: The operation was canceled.
 ---> System.IO.IOException: Unable to read data from the transport connection: L’opération d’entrée/sortie a été abandonnée en raison de l’arrêt d’un thread ou à la demande d’une application..
 ---> System.Net.Sockets.SocketException (995): L’opération d’entrée/sortie a été abandonnée en raison de l’arrêt d’un thread ou à la demande d’une application.
   --- End of inner exception stack trace ---
   at System.Net.Sockets.Socket.AwaitableSocketAsyncEventArgs.System.Threading.Tasks.Sources.IValueTaskSource<System.Int32>.GetResult(Int16 token)
   at System.Net.Security.SslStream.EnsureFullTlsFrameAsync[TIOAdapter](CancellationToken cancellationToken, Int32 estimatedSize)
   at System.Runtime.CompilerServices.PoolingAsyncValueTaskMethodBuilder`1.StateMachineBox`1.System.Threading.Tasks.Sources.IValueTaskSource<TResult>.GetResult(Int16 token)
   at System.Net.Security.SslStream.ReadAsyncInternal[TIOAdapter](Memory`1 buffer, CancellationToken cancellationToken)
   at System.Runtime.CompilerServices.PoolingAsyncValueTaskMethodBuilder`1.StateMachineBox`1.System.Threading.Tasks.Sources.IValueTaskSource<TResult>.GetResult(Int16 token)
   at System.Net.Http.HttpConnection.SendAsync(HttpRequestMessage request, Boolean async, CancellationToken cancellationToken)
   --- End of inner exception stack trace ---
   at System.Net.Http.HttpConnection.SendAsync(HttpRequestMessage request, Boolean async, CancellationToken cancellationToken)
   at System.Net.Http.AuthenticationHelper.SendWithNtAuthAsync(HttpRequestMessage request, Uri authUri, Boolean async, ICredentials credentials, Boolean isProxyAuth, HttpConnection connection, HttpConnectionPool connectionPool, CancellationToken cancellationToken)
   at System.Net.Http.HttpConnectionPool.SendWithVersionDetectionAndRetryAsync(HttpRequestMessage request, Boolean async, Boolean doRequestAuth, CancellationToken cancellationToken)
   at System.Net.Http.AuthenticationHelper.SendWithAuthAsync(HttpRequestMessage request, Uri authUri, Boolean async, ICredentials credentials, Boolean preAuthenticate, Boolean isProxyAuth, Boolean doRequestAuth, HttpConnectionPool pool, CancellationToken cancellationToken)
   at System.Net.Http.RedirectHandler.SendAsync(HttpRequestMessage request, Boolean async, CancellationToken cancellationToken)
   at GitHub.Services.Common.RawHttpMessageHandler.SendAsync(HttpRequestMessage request, CancellationToken cancellationToken)
   at GitHub.Services.Common.VssHttpRetryMessageHandler.SendAsync(HttpRequestMessage request, CancellationToken cancellationToken)
   at System.Net.Http.HttpClient.<SendAsync>g__Core|83_0(HttpRequestMessage request, HttpCompletionOption completionOption, CancellationTokenSource cts, Boolean disposeCts, CancellationTokenSource pendingRequestsCts, CancellationToken originalCancellationToken)
[2026-08-06 07:43:09Z ERR  BrokerServer] #####################################################
[2026-08-06 07:43:09Z ERR  BrokerServer] System.IO.IOException: Unable to read data from the transport connection: L’opération d’entrée/sortie a été abandonnée en raison de l’arrêt d’un thread ou à la demande d’une application..
 ---> System.Net.Sockets.SocketException (995): L’opération d’entrée/sortie a été abandonnée en raison de l’arrêt d’un thread ou à la demande d’une application.
   --- End of inner exception stack trace ---
   at System.Net.Sockets.Socket.AwaitableSocketAsyncEventArgs.System.Threading.Tasks.Sources.IValueTaskSource<System.Int32>.GetResult(Int16 token)
   at System.Net.Security.SslStream.EnsureFullTlsFrameAsync[TIOAdapter](CancellationToken cancellationToken, Int32 estimatedSize)
   at System.Runtime.CompilerServices.PoolingAsyncValueTaskMethodBuilder`1.StateMachineBox`1.System.Threading.Tasks.Sources.IValueTaskSource<TResult>.GetResult(Int16 token)
   at System.Net.Security.SslStream.ReadAsyncInternal[TIOAdapter](Memory`1 buffer, CancellationToken cancellationToken)
   at System.Runtime.CompilerServices.PoolingAsyncValueTaskMethodBuilder`1.StateMachineBox`1.System.Threading.Tasks.Sources.IValueTaskSource<TResult>.GetResult(Int16 token)
   at System.Net.Http.HttpConnection.SendAsync(HttpRequestMessage request, Boolean async, CancellationToken cancellationToken)
[2026-08-06 07:43:09Z ERR  BrokerServer] #####################################################
[2026-08-06 07:43:09Z ERR  BrokerServer] System.Net.Sockets.SocketException (995): L’opération d’entrée/sortie a été abandonnée en raison de l’arrêt d’un thread ou à la demande d’une application.
[2026-08-06 07:43:09Z WARN BrokerServer] Back off 11,517 seconds before next retry. 4 attempt left.
[2026-08-06 07:43:09Z INFO BrokerMessageListener] Get messages has been cancelled using local token source. Continue to get messages with new status.
[2026-08-06 07:47:52Z INFO BrokerMessageListener] Acknowledging runner request '7053c474-57c9-599f-ad78-91d210b78e98'.
[2026-08-06 07:47:52Z INFO ConfigurationStore] HasCredentials()
[2026-08-06 07:47:52Z INFO ConfigurationStore] stored True
[2026-08-06 07:47:52Z INFO CredentialManager] GetCredentialProvider
[2026-08-06 07:47:52Z INFO CredentialManager] Creating type OAuth
[2026-08-06 07:47:52Z INFO CredentialManager] Creating credential type: OAuth
[2026-08-06 07:47:52Z INFO RSAEncryptedFileKeyManager] Loading RSA key parameters from file D:\Cours\Cours Ipssi\Note\Devops\J3\actions-runner\.credentials_rsaparams
[2026-08-06 07:47:52Z INFO RSAEncryptedFileKeyManager] Loading RSA key parameters from file D:\Cours\Cours Ipssi\Note\Devops\J3\actions-runner\.credentials_rsaparams
[2026-08-06 07:47:52Z INFO RSAEncryptedFileKeyManager] Loading RSA key parameters from file D:\Cours\Cours Ipssi\Note\Devops\J3\actions-runner\.credentials_rsaparams
[2026-08-06 07:47:52Z INFO GitHubActionsService] AAD Correlation ID for this token request: Unknown
[2026-08-06 07:47:53Z INFO JobDispatcher] Job request 0 for plan d5c15993-4cf2-40b0-84f9-bcb45c1a94a5 job 7053c474-57c9-599f-ad78-91d210b78e98 received.
[2026-08-06 07:47:53Z INFO JobDispatcher] Pull OrchestrationId d5c15993-4cf2-40b0-84f9-bcb45c1a94a5.deploy.__default from JWT claims
[2026-08-06 07:47:53Z INFO BrokerMessageListener] Received job status event. JobState: Busy
[2026-08-06 07:47:53Z INFO BrokerMessageListener] _getMessagesTokenSource is already disposed.
[2026-08-06 07:47:53Z INFO JobDispatcher] Job request 197b69dc-f86f-5691-ac36-ca359eb36cb6 processed succeed.
[2026-08-06 07:47:53Z INFO Terminal] WRITE LINE: 2026-08-06 07:47:53Z: Running job: deploy
[2026-08-06 07:47:53Z INFO JobDispatcher] Start renew job request 0 for job 7053c474-57c9-599f-ad78-91d210b78e98.
[2026-08-06 07:47:53Z INFO JobDispatcher] Successfully renew job 7053c474-57c9-599f-ad78-91d210b78e98, job is valid till 06/08/2026 07:57:53
[2026-08-06 07:47:53Z INFO HostContext] Well known directory 'Bin': 'D:\Cours\Cours Ipssi\Note\Devops\J3\actions-runner\bin'
[2026-08-06 07:47:53Z INFO ProcessInvokerWrapper] Starting process:
[2026-08-06 07:47:53Z INFO ProcessInvokerWrapper]   File name: 'D:\Cours\Cours Ipssi\Note\Devops\J3\actions-runner\bin\Runner.Worker.exe'
[2026-08-06 07:47:53Z INFO ProcessInvokerWrapper]   Arguments: 'spawnclient 604 2276'
[2026-08-06 07:47:53Z INFO ProcessInvokerWrapper]   Working directory: 'D:\Cours\Cours Ipssi\Note\Devops\J3\actions-runner\bin'
[2026-08-06 07:47:53Z INFO ProcessInvokerWrapper]   Require exit code zero: 'False'
[2026-08-06 07:47:53Z INFO ProcessInvokerWrapper]   Encoding web name:  ; code page: ''
[2026-08-06 07:47:53Z INFO ProcessInvokerWrapper]   Force kill process on cancellation: 'True'
[2026-08-06 07:47:53Z INFO ProcessInvokerWrapper]   Redirected STDIN: 'False'
[2026-08-06 07:47:53Z INFO ProcessInvokerWrapper]   Persist current code page: 'False'
[2026-08-06 07:47:53Z INFO ProcessInvokerWrapper]   Keep redirected STDIN open: 'False'
[2026-08-06 07:47:53Z INFO ProcessInvokerWrapper]   High priority process: 'True'
[2026-08-06 07:47:53Z INFO ProcessInvokerWrapper] Process started with process id 18372, waiting for process exit.
[2026-08-06 07:47:53Z INFO JobDispatcher] Send job request message to worker for job 7053c474-57c9-599f-ad78-91d210b78e98.
[2026-08-06 07:47:53Z INFO ProcessChannel] Sending message of length 23968, with hash '7195d9d1bf13fd641ced26ac4579c0c458aa63c929e1df542eedd86845fab735'
[2026-08-06 07:47:54Z INFO JobNotification] Entering JobStarted Notification
[2026-08-06 07:47:54Z INFO JobNotification] Entering StartMonitor
[2026-08-06 07:48:53Z INFO JobDispatcher] Successfully renew job 7053c474-57c9-599f-ad78-91d210b78e98, job is valid till 06/08/2026 07:58:53
[2026-08-06 07:48:57Z INFO ProcessInvokerWrapper] STDOUT/STDERR stream read finished.
[2026-08-06 07:48:57Z INFO ProcessInvokerWrapper] STDOUT/STDERR stream read finished.
[2026-08-06 07:48:57Z INFO ProcessInvokerWrapper] Finished process 18372 with exit code 102, and elapsed time 00:01:03.9926178.
[2026-08-06 07:48:57Z INFO JobDispatcher] Worker finished for job 7053c474-57c9-599f-ad78-91d210b78e98. Code: 102
[2026-08-06 07:48:57Z INFO JobDispatcher] finish job request for job 7053c474-57c9-599f-ad78-91d210b78e98 with result: Failed
[2026-08-06 07:48:57Z INFO Terminal] WRITE LINE: 2026-08-06 07:48:57Z: Job deploy completed with result: Failed
[2026-08-06 07:48:57Z INFO JobDispatcher] Stop renew job request for job 7053c474-57c9-599f-ad78-91d210b78e98.
[2026-08-06 07:48:57Z INFO JobDispatcher] job renew has been cancelled, stop renew job 7053c474-57c9-599f-ad78-91d210b78e98.
[2026-08-06 07:48:57Z INFO JobNotification] Entering JobCompleted Notification
[2026-08-06 07:48:57Z INFO JobNotification] Entering EndMonitor
[2026-08-06 07:48:57Z INFO BrokerMessageListener] Received job status event. JobState: Online
[2026-08-06 07:48:57Z WARN GitHubActionsService] GET request to https://broker.actions.githubusercontent.com/message?sessionId=cda983de-c40b-43b2-95e2-3cdd480ac3cd&status=Busy&runnerVersion=2.336.0&os=Windows&architecture=X64&disableUpdate=false has been cancelled.
[2026-08-06 07:48:57Z ERR  BrokerServer] Catch exception during request
[2026-08-06 07:48:57Z ERR  BrokerServer] System.Threading.Tasks.TaskCanceledException: The operation was canceled.
 ---> System.Threading.Tasks.TaskCanceledException: The operation was canceled.
 ---> System.IO.IOException: Unable to read data from the transport connection: L’opération d’entrée/sortie a été abandonnée en raison de l’arrêt d’un thread ou à la demande d’une application..
 ---> System.Net.Sockets.SocketException (995): L’opération d’entrée/sortie a été abandonnée en raison de l’arrêt d’un thread ou à la demande d’une application.
   --- End of inner exception stack trace ---
   at System.Net.Sockets.Socket.AwaitableSocketAsyncEventArgs.System.Threading.Tasks.Sources.IValueTaskSource<System.Int32>.GetResult(Int16 token)
   at System.Net.Security.SslStream.EnsureFullTlsFrameAsync[TIOAdapter](CancellationToken cancellationToken, Int32 estimatedSize)
   at System.Runtime.CompilerServices.PoolingAsyncValueTaskMethodBuilder`1.StateMachineBox`1.System.Threading.Tasks.Sources.IValueTaskSource<TResult>.GetResult(Int16 token)
   at System.Net.Security.SslStream.ReadAsyncInternal[TIOAdapter](Memory`1 buffer, CancellationToken cancellationToken)
   at System.Runtime.CompilerServices.PoolingAsyncValueTaskMethodBuilder`1.StateMachineBox`1.System.Threading.Tasks.Sources.IValueTaskSource<TResult>.GetResult(Int16 token)
   at System.Net.Http.HttpConnection.SendAsync(HttpRequestMessage request, Boolean async, CancellationToken cancellationToken)
   --- End of inner exception stack trace ---
   at System.Net.Http.HttpConnection.SendAsync(HttpRequestMessage request, Boolean async, CancellationToken cancellationToken)
   at System.Net.Http.AuthenticationHelper.SendWithNtAuthAsync(HttpRequestMessage request, Uri authUri, Boolean async, ICredentials credentials, Boolean isProxyAuth, HttpConnection connection, HttpConnectionPool connectionPool, CancellationToken cancellationToken)
   at System.Net.Http.HttpConnectionPool.SendWithVersionDetectionAndRetryAsync(HttpRequestMessage request, Boolean async, Boolean doRequestAuth, CancellationToken cancellationToken)
   at System.Net.Http.AuthenticationHelper.SendWithAuthAsync(HttpRequestMessage request, Uri authUri, Boolean async, ICredentials credentials, Boolean preAuthenticate, Boolean isProxyAuth, Boolean doRequestAuth, HttpConnectionPool pool, CancellationToken cancellationToken)
   at System.Net.Http.RedirectHandler.SendAsync(HttpRequestMessage request, Boolean async, CancellationToken cancellationToken)
   at GitHub.Services.Common.RawHttpMessageHandler.SendAsync(HttpRequestMessage request, CancellationToken cancellationToken)
   at GitHub.Services.Common.VssHttpRetryMessageHandler.SendAsync(HttpRequestMessage request, CancellationToken cancellationToken)
   at System.Net.Http.HttpClient.<SendAsync>g__Core|83_0(HttpRequestMessage request, HttpCompletionOption completionOption, CancellationTokenSource cts, Boolean disposeCts, CancellationTokenSource pendingRequestsCts, CancellationToken originalCancellationToken)
   --- End of inner exception stack trace ---
   at System.Net.Http.HttpClient.HandleFailure(Exception e, Boolean telemetryStarted, HttpResponseMessage response, CancellationTokenSource cts, CancellationToken cancellationToken, CancellationTokenSource pendingRequestsCts)
   at System.Net.Http.HttpClient.<SendAsync>g__Core|83_0(HttpRequestMessage request, HttpCompletionOption completionOption, CancellationTokenSource cts, Boolean disposeCts, CancellationTokenSource pendingRequestsCts, CancellationToken originalCancellationToken)
   at Sdk.WebApi.WebApi.RawHttpClientBase.SendAsync(HttpRequestMessage message, HttpCompletionOption completionOption, Object userState, CancellationToken cancellationToken)
   at Sdk.WebApi.WebApi.RawHttpClientBase.SendAsync[T](HttpRequestMessage message, Boolean readErrorBody, Object userState, CancellationToken cancellationToken)
   at Sdk.WebApi.WebApi.RawHttpClientBase.SendAsync[T](HttpMethod method, IEnumerable`1 additionalHeaders, Uri requestUri, HttpContent content, IEnumerable`1 queryParameters, Boolean readErrorBody, Object userState, CancellationToken cancellationToken)
   at GitHub.Actions.RunService.WebApi.BrokerHttpClient.GetRunnerMessageAsync(Nullable`1 sessionId, String runnerVersion, Nullable`1 status, String os, String architecture, Nullable`1 disableUpdate, CancellationToken cancellationToken)
   at GitHub.Runner.Common.BrokerServer.<>c__DisplayClass7_0.<<GetRunnerMessageAsync>b__0>d.MoveNext()
--- End of stack trace from previous location ---
   at GitHub.Runner.Common.RunnerService.RetryRequest[T](Func`1 func, CancellationToken cancellationToken, Int32 maxAttempts, Func`2 shouldRetry)
[2026-08-06 07:48:57Z ERR  BrokerServer] #####################################################
[2026-08-06 07:48:57Z ERR  BrokerServer] System.Threading.Tasks.TaskCanceledException: The operation was canceled.
 ---> System.IO.IOException: Unable to read data from the transport connection: L’opération d’entrée/sortie a été abandonnée en raison de l’arrêt d’un thread ou à la demande d’une application..
 ---> System.Net.Sockets.SocketException (995): L’opération d’entrée/sortie a été abandonnée en raison de l’arrêt d’un thread ou à la demande d’une application.
   --- End of inner exception stack trace ---
   at System.Net.Sockets.Socket.AwaitableSocketAsyncEventArgs.System.Threading.Tasks.Sources.IValueTaskSource<System.Int32>.GetResult(Int16 token)
   at System.Net.Security.SslStream.EnsureFullTlsFrameAsync[TIOAdapter](CancellationToken cancellationToken, Int32 estimatedSize)
   at System.Runtime.CompilerServices.PoolingAsyncValueTaskMethodBuilder`1.StateMachineBox`1.System.Threading.Tasks.Sources.IValueTaskSource<TResult>.GetResult(Int16 token)
   at System.Net.Security.SslStream.ReadAsyncInternal[TIOAdapter](Memory`1 buffer, CancellationToken cancellationToken)
   at System.Runtime.CompilerServices.PoolingAsyncValueTaskMethodBuilder`1.StateMachineBox`1.System.Threading.Tasks.Sources.IValueTaskSource<TResult>.GetResult(Int16 token)
   at System.Net.Http.HttpConnection.SendAsync(HttpRequestMessage request, Boolean async, CancellationToken cancellationToken)
   --- End of inner exception stack trace ---
   at System.Net.Http.HttpConnection.SendAsync(HttpRequestMessage request, Boolean async, CancellationToken cancellationToken)
   at System.Net.Http.AuthenticationHelper.SendWithNtAuthAsync(HttpRequestMessage request, Uri authUri, Boolean async, ICredentials credentials, Boolean isProxyAuth, HttpConnection connection, HttpConnectionPool connectionPool, CancellationToken cancellationToken)
   at System.Net.Http.HttpConnectionPool.SendWithVersionDetectionAndRetryAsync(HttpRequestMessage request, Boolean async, Boolean doRequestAuth, CancellationToken cancellationToken)
   at System.Net.Http.AuthenticationHelper.SendWithAuthAsync(HttpRequestMessage request, Uri authUri, Boolean async, ICredentials credentials, Boolean preAuthenticate, Boolean isProxyAuth, Boolean doRequestAuth, HttpConnectionPool pool, CancellationToken cancellationToken)
   at System.Net.Http.RedirectHandler.SendAsync(HttpRequestMessage request, Boolean async, CancellationToken cancellationToken)
   at GitHub.Services.Common.RawHttpMessageHandler.SendAsync(HttpRequestMessage request, CancellationToken cancellationToken)
   at GitHub.Services.Common.VssHttpRetryMessageHandler.SendAsync(HttpRequestMessage request, CancellationToken cancellationToken)
   at System.Net.Http.HttpClient.<SendAsync>g__Core|83_0(HttpRequestMessage request, HttpCompletionOption completionOption, CancellationTokenSource cts, Boolean disposeCts, CancellationTokenSource pendingRequestsCts, CancellationToken originalCancellationToken)
[2026-08-06 07:48:57Z ERR  BrokerServer] #####################################################
[2026-08-06 07:48:57Z ERR  BrokerServer] System.IO.IOException: Unable to read data from the transport connection: L’opération d’entrée/sortie a été abandonnée en raison de l’arrêt d’un thread ou à la demande d’une application..
 ---> System.Net.Sockets.SocketException (995): L’opération d’entrée/sortie a été abandonnée en raison de l’arrêt d’un thread ou à la demande d’une application.
   --- End of inner exception stack trace ---
   at System.Net.Sockets.Socket.AwaitableSocketAsyncEventArgs.System.Threading.Tasks.Sources.IValueTaskSource<System.Int32>.GetResult(Int16 token)
   at System.Net.Security.SslStream.EnsureFullTlsFrameAsync[TIOAdapter](CancellationToken cancellationToken, Int32 estimatedSize)
   at System.Runtime.CompilerServices.PoolingAsyncValueTaskMethodBuilder`1.StateMachineBox`1.System.Threading.Tasks.Sources.IValueTaskSource<TResult>.GetResult(Int16 token)
   at System.Net.Security.SslStream.ReadAsyncInternal[TIOAdapter](Memory`1 buffer, CancellationToken cancellationToken)
   at System.Runtime.CompilerServices.PoolingAsyncValueTaskMethodBuilder`1.StateMachineBox`1.System.Threading.Tasks.Sources.IValueTaskSource<TResult>.GetResult(Int16 token)
   at System.Net.Http.HttpConnection.SendAsync(HttpRequestMessage request, Boolean async, CancellationToken cancellationToken)
[2026-08-06 07:48:57Z ERR  BrokerServer] #####################################################
[2026-08-06 07:48:57Z ERR  BrokerServer] System.Net.Sockets.SocketException (995): L’opération d’entrée/sortie a été abandonnée en raison de l’arrêt d’un thread ou à la demande d’une application.
[2026-08-06 07:48:57Z WARN BrokerServer] Back off 7,935 seconds before next retry. 4 attempt left.
[2026-08-06 07:48:57Z INFO BrokerMessageListener] Get messages has been cancelled using local token source. Continue to get messages with new status.
